---
source: crates/kata-core/tests/header_fixtures.rs
expression: diags
---
[
    Diagnostic {
        severity: Error,
        message: "unknown key `scope`",
        fix: Some(
            "known keys are about, risk, needs, args, alias, timeout",
        ),
        line: 5,
        col: 3,
        len: 5,
    },
]
