---
source: crates/kadou/src/ui/frame.rs
assertion_line: 420
expression: text
---
 ▸ kadou   2 kata

 starter
   hello       ● low   Print a greeting
   disk-usage  ● low   Disk usage of a directory

 run     kadou run                 pick one, or:  kadou run starter/hello
 new     kadou new <id>            write a kata and open it
 team    kadou get <git-url>       add your team's kata
 agents  kadou mcp serve
